INFO [2025-08-11 18:03:01] === ZooMSS_MasterPipeline Session Started ===
INFO [2025-08-11 18:03:01] Timestamp: 2025-08-11 18:03:01.174661
INFO [2025-08-11 18:03:01] R Version: R version 4.5.1 (2025-06-13 ucrt)
INFO [2025-08-11 18:03:01] Working Directory: C:/Users/kjmurphy/OneDrive - University of Tasmania/Documents/GitHub/ZooMSS_2300
INFO [2025-08-11 18:03:01] Log File: logs/ZooMSS_MasterPipeline_20250811_180301.log
INFO [2025-08-11 18:03:01] Random seed set to: 123
INFO [2025-08-11 18:03:01] Pipeline execution plan:
INFO [2025-08-11 18:03:01]   - Area Weighting: TRUE
INFO [2025-08-11 18:03:01]   - Spatial Validation: TRUE
INFO [2025-08-11 18:03:01]   - Enhanced Plotting: TRUE
INFO [2025-08-11 18:03:01]   - Full Validation: TRUE
INFO [2025-08-11 18:03:01] CHECKPOINT: Pre-execution validation
INFO [2025-08-11 18:03:01] Memory Usage - Pre-execution validation: 173.9 MB
INFO [2025-08-11 18:03:01] Current memory usage: 173.9 MB
INFO [2025-08-11 18:03:01] Memory allocation test passed
INFO [2025-08-11 18:03:01] Found 15 biomass projection files
INFO [2025-08-11 18:03:01] === PIPELINE EXECUTION STARTED ===
INFO [2025-08-11 18:03:01] CHECKPOINT: Starting Corrected Area Weighting Analysis
INFO [2025-08-11 18:03:01] Memory Usage - Starting Corrected Area Weighting Analysis: 173.9 MB
INFO [2025-08-11 18:03:01] Corrected timeseries already exists: Output/combined_corrected_biomass_timeseries.rds
INFO [2025-08-11 18:03:01] Skipping area weighting - using existing data
INFO [2025-08-11 18:03:01] CHECKPOINT: Corrected Area Weighting Analysis - Duration: 0 minutes
INFO [2025-08-11 18:03:02] Memory Usage - Corrected Area Weighting Analysis: 174 MB
INFO [2025-08-11 18:03:02] CHECKPOINT: Starting Spatial Coverage Validation
INFO [2025-08-11 18:03:02] Memory Usage - Starting Spatial Coverage Validation: 173.9 MB
INFO [2025-08-11 18:03:02] Running spatial coverage validation
INFO [2025-08-11 18:04:50] CHECKPOINT: Spatial Coverage Validation - Duration: 1.8 minutes
INFO [2025-08-11 18:04:50] Memory Usage - Spatial Coverage Validation: 208.3 MB
INFO [2025-08-11 18:04:50] CHECKPOINT: Starting Enhanced Plotting
INFO [2025-08-11 18:04:50] Memory Usage - Starting Enhanced Plotting: 208.3 MB
INFO [2025-08-11 18:04:50] Running enhanced plotting analysis
INFO [2025-08-11 18:04:54] CHECKPOINT: Enhanced Plotting - Duration: 0.06 minutes
INFO [2025-08-11 18:04:54] Memory Usage - Enhanced Plotting: 224.8 MB
INFO [2025-08-11 18:04:54] CHECKPOINT: Starting Comprehensive Validation
INFO [2025-08-11 18:04:54] Memory Usage - Starting Comprehensive Validation: 224.8 MB
INFO [2025-08-11 18:04:54] Running comprehensive validation
INFO [2025-08-11 18:04:54] CHECKPOINT: Comprehensive Validation - Duration: 0 minutes
INFO [2025-08-11 18:04:55] Memory Usage - Comprehensive Validation: 233.6 MB
INFO [2025-08-11 18:04:55] === PIPELINE EXECUTION COMPLETED ===
INFO [2025-08-11 18:04:55] Total execution time: 1.89 minutes
INFO [2025-08-11 18:04:55] === EXECUTION SUMMARY ===
INFO [2025-08-11 18:04:55] area_weighting: Skipped - existing data
INFO [2025-08-11 18:04:55] spatial_validation: Completed successfully
INFO [2025-08-11 18:04:55] enhanced_plotting: Completed successfully
INFO [2025-08-11 18:04:55] comprehensive_validation: Completed successfully
INFO [2025-08-11 18:04:55] Memory Usage - Pipeline completion: 233.6 MB
INFO [2025-08-11 18:04:55] Processing summary saved to: logs/processing_summary_20250811_180455.txt
INFO [2025-08-11 18:04:55] === FINAL OUTPUTS VALIDATION ===
INFO [2025-08-11 18:04:55] ✓ Corrected Timeseries: Available
